// Jest Snapshot v1, https://goo.gl/fbAQLP

exports[`Arithmetic component match snapshot 1`] = `[Function]`;
