// Jest Snapshot v1, https://goo.gl/fbAQLP

exports[`test the calculator component Calculator component match snapshot 1`] = `[Function]`;
