// Jest Snapshot v1, https://goo.gl/fbAQLP

exports[`quotes component match snapshot 1`] = `[Function]`;
